[2m12:53:26[0m [1;32m INFO[0m [36m[browser-wpe][0m [36msola::browser_wpe[0m sola-browser-wpe starting
[2m12:53:26[0m [1;32m INFO[0m [36m[browser-wpe][0m [36msola::browser_wpe[0m WPE platform display ready (subclassed for LINEAR-only modifier)
[2m12:53:26[0m [1;32m INFO[0m [36m[browser-wpe][0m [36msola::browser_wpe[0m created WebKitWebView via Platform API path
[2m12:53:26[0m [1;32m INFO[0m [36m[browser-wpe][0m [36msola::browser_wpe[0m kicked off URL load [3murl[0m[2m=[0mhttps://slate.auto
[2m12:53:26[0m [1;32m INFO[0m [36m[browser-wpe][0m [36msola::browser_wpe[0m WPE engine entering GMainLoop

** (WPEWebProcess:2): WARNING **: 12:53:26.813: Can't connect to a11y bus: Could not connect: No such file or directory
Failed to load cookie file from cookie: Read-only file system
Failed to load cookie file from cookie: Read-only file system
[2m12:53:28[0m [1;32m INFO[0m [36m[browser-wpe][0m [36msola::browser_wpe[0m wpe_toplevel_resize accepted + notified [3mwidth[0m[2m=[0m1434 [3mheight[0m[2m=[0m2132
[2m12:53:28[0m [1;32m INFO[0m [36m[browser-wpe][0m [36msola::browser_wpe[0m wgpu Vulkan device has VK_EXT_image_drm_format_modifier [3mhas_modifier[0m[2m=[0mtrue
[2m12:53:28[0m [1;32m INFO[0m [36m[browser-wpe][0m [36msola::browser_wpe[0m shader fps [3mfps[0m[2m=[0m"0.8"

** (process:622844): CRITICAL **: 12:53:28.369: void wpe_view_buffer_released(WPEView *, WPEBuffer *): assertion 'WPE_IS_BUFFER(buffer)' failed
[2m12:53:29[0m [1;32m INFO[0m [36m[browser-wpe][0m [36msola::browser_wpe[0m shader fps [3mfps[0m[2m=[0m"91.6"
[2m12:53:30[0m [1;32m INFO[0m [36m[browser-wpe][0m [36msola::browser_wpe[0m shader fps [3mfps[0m[2m=[0m"102.1"
[2m12:53:31[0m [1;32m INFO[0m [36m[browser-wpe][0m [36msola::browser_wpe[0m shader fps [3mfps[0m[2m=[0m"105.2"
[2m12:53:32[0m [1;32m INFO[0m [36m[browser-wpe][0m [36msola::browser_wpe[0m shader fps [3mfps[0m[2m=[0m"104.8"
[2m12:53:33[0m [1;32m INFO[0m [36m[browser-wpe][0m [36msola::browser_wpe[0m shader fps [3mfps[0m[2m=[0m"100.5"
[2m12:53:34[0m [1;32m INFO[0m [36m[browser-wpe][0m [36msola::browser_wpe[0m shader fps [3mfps[0m[2m=[0m"95.7"
[2m12:53:35[0m [1;32m INFO[0m [36m[browser-wpe][0m [36msola::browser_wpe[0m shader fps [3mfps[0m[2m=[0m"102.8"
[2m12:53:36[0m [1;32m INFO[0m [36m[browser-wpe][0m [36msola::browser_wpe[0m shader fps [3mfps[0m[2m=[0m"98.8"
[2m12:53:37[0m [1;32m INFO[0m [36m[browser-wpe][0m [36msola::browser_wpe[0m shader fps [3mfps[0m[2m=[0m"107.6"
[2m12:53:38[0m [1;32m INFO[0m [36m[browser-wpe][0m [36msola::browser_wpe[0m shader fps [3mfps[0m[2m=[0m"107.8"
[2m12:53:39[0m [1;32m INFO[0m [36m[browser-wpe][0m [36msola::browser_wpe[0m shader fps [3mfps[0m[2m=[0m"106.0"
[2m12:53:40[0m [1;32m INFO[0m [36m[browser-wpe][0m [36msola::browser_wpe[0m shader fps [3mfps[0m[2m=[0m"100.8"
[2m12:53:41[0m [1;32m INFO[0m [36m[browser-wpe][0m [36msola::browser_wpe[0m shader fps [3mfps[0m[2m=[0m"97.9"
[2m12:53:42[0m [1;32m INFO[0m [36m[browser-wpe][0m [36msola::browser_wpe[0m shader fps [3mfps[0m[2m=[0m"103.8"
[2m12:53:43[0m [1;32m INFO[0m [36m[browser-wpe][0m [36msola::browser_wpe[0m shader fps [3mfps[0m[2m=[0m"106.6"
[2m12:53:44[0m [1;32m INFO[0m [36m[browser-wpe][0m [36msola::browser_wpe[0m shader fps [3mfps[0m[2m=[0m"109.0"
[2m12:53:45[0m [1;32m INFO[0m [36m[browser-wpe][0m [36msola::browser_wpe[0m shader fps [3mfps[0m[2m=[0m"100.8"
[2m12:53:46[0m [1;32m INFO[0m [36m[browser-wpe][0m [36msola::browser_wpe[0m shader fps [3mfps[0m[2m=[0m"112.2"
[2m12:53:47[0m [1;32m INFO[0m [36m[browser-wpe][0m [36msola::browser_wpe[0m shader fps [3mfps[0m[2m=[0m"114.4"
[2m12:53:48[0m [1;32m INFO[0m [36m[browser-wpe][0m [36msola::browser_wpe[0m shader fps [3mfps[0m[2m=[0m"105.7"
[2m12:53:49[0m [1;32m INFO[0m [36m[browser-wpe][0m [36msola::browser_wpe[0m shader fps [3mfps[0m[2m=[0m"102.6"
[2m12:53:50[0m [1;32m INFO[0m [36m[browser-wpe][0m [36msola::browser_wpe[0m shader fps [3mfps[0m[2m=[0m"99.8"
[2m12:53:51[0m [1;32m INFO[0m [36m[browser-wpe][0m [36msola::browser_wpe[0m shader fps [3mfps[0m[2m=[0m"105.9"
[2m12:53:52[0m [1;32m INFO[0m [36m[browser-wpe][0m [36msola::browser_wpe[0m shader fps [3mfps[0m[2m=[0m"107.6"
[2m12:53:53[0m [1;32m INFO[0m [36m[browser-wpe][0m [36msola::browser_wpe[0m shader fps [3mfps[0m[2m=[0m"80.8"
[2m12:53:54[0m [1;32m INFO[0m [36m[browser-wpe][0m [36msola::browser_wpe[0m shader fps [3mfps[0m[2m=[0m"106.2"
[2m12:53:55[0m [1;32m INFO[0m [36m[browser-wpe][0m [36msola::browser_wpe[0m shader fps [3mfps[0m[2m=[0m"91.3"
[2m12:53:56[0m [1;32m INFO[0m [36m[browser-wpe][0m [36msola::browser_wpe[0m shader fps [3mfps[0m[2m=[0m"105.5"
