[2m15:43:41[0m [1;32m INFO[0m [36m[browser-wpe][0m [36msola::browser_wpe[0m sola-browser-wpe starting
[2m15:43:41[0m [1;32m INFO[0m [36m[browser-wpe][0m [36msola::browser_wpe[0m loading url [3murl[0m[2m=[0mhttps://github.com
[2m15:43:41[0m [1;32m INFO[0m [36m[browser-wpe][0m [36msola::browser_wpe[0m WPE platform display ready (subclassed for LINEAR-only modifier)
[2m15:43:41[0m [1;32m INFO[0m [36m[browser-wpe][0m [36msola::browser_wpe[0m created WebKitWebView via Platform API path
[2m15:43:41[0m [1;32m INFO[0m [36m[browser-wpe][0m [36msola::browser_wpe[0m kicked off URL load [3murl[0m[2m=[0mhttps://github.com
[2m15:43:41[0m [1;32m INFO[0m [36m[browser-wpe][0m [36msola::browser_wpe[0m WPE engine entering GMainLoop

** (WPEWebProcess:2): WARNING **: 15:43:42.134: Can't connect to a11y bus: Could not connect: No such file or directory
[2m15:43:43[0m [1;32m INFO[0m [36m[browser-wpe][0m [36msola::browser_wpe[0m wpe_toplevel_resize accepted + notified [3mwidth[0m[2m=[0m1434 [3mheight[0m[2m=[0m2132
[2m15:43:43[0m [1;32m INFO[0m [36m[browser-wpe][0m [36msola::browser_wpe[0m wgpu Vulkan device has VK_EXT_image_drm_format_modifier [3mhas_modifier[0m[2m=[0mtrue
[2m15:43:43[0m [1;32m INFO[0m [36m[browser-wpe][0m [36msola::browser_wpe[0m shader fps [3mfps[0m[2m=[0m"12.0"

** (process:724222): CRITICAL **: 15:43:43.576: void wpe_view_buffer_released(WPEView *, WPEBuffer *): assertion 'WPE_IS_BUFFER(buffer)' failed

** (process:724222): CRITICAL **: 15:43:43.592: void wpe_view_buffer_released(WPEView *, WPEBuffer *): assertion 'WPE_IS_BUFFER(buffer)' failed
Failed to load cookie file from cookie: Read-only file system
Failed to load cookie file from cookie: Read-only file system
[2m15:43:44[0m [1;32m INFO[0m [36m[browser-wpe][0m [36msola::browser_wpe[0m shader fps [3mfps[0m[2m=[0m"104.3"
[2m15:43:45[0m [1;32m INFO[0m [36m[browser-wpe][0m [36msola::browser_wpe[0m shader fps [3mfps[0m[2m=[0m"86.2"
[2m15:43:46[0m [1;32m INFO[0m [36m[browser-wpe][0m [36msola::browser_wpe[0m shader fps [3mfps[0m[2m=[0m"108.5"
[2m15:43:47[0m [1;32m INFO[0m [36m[browser-wpe][0m [36msola::browser_wpe[0m shader fps [3mfps[0m[2m=[0m"111.0"
[2m15:43:48[0m [1;32m INFO[0m [36m[browser-wpe][0m [36msola::browser_wpe[0m shader fps [3mfps[0m[2m=[0m"110.7"
[2m15:43:49[0m [1;32m INFO[0m [36m[browser-wpe][0m [36msola::browser_wpe[0m shader fps [3mfps[0m[2m=[0m"105.8"
[2m15:43:50[0m [1;32m INFO[0m [36m[browser-wpe][0m [36msola::browser_wpe[0m shader fps [3mfps[0m[2m=[0m"98.5"
[2m15:43:51[0m [1;32m INFO[0m [36m[browser-wpe][0m [36msola::browser_wpe[0m shader fps [3mfps[0m[2m=[0m"101.4"
[2m15:43:52[0m [1;32m INFO[0m [36m[browser-wpe][0m [36msola::browser_wpe[0m shader fps [3mfps[0m[2m=[0m"101.0"
[2m15:43:53[0m [1;32m INFO[0m [36m[browser-wpe][0m [36msola::browser_wpe[0m shader fps [3mfps[0m[2m=[0m"100.2"
[2m15:43:54[0m [1;32m INFO[0m [36m[browser-wpe][0m [36msola::browser_wpe[0m shader fps [3mfps[0m[2m=[0m"96.0"
[2m15:43:55[0m [1;32m INFO[0m [36m[browser-wpe][0m [36msola::browser_wpe[0m shader fps [3mfps[0m[2m=[0m"101.0"
[2m15:43:56[0m [1;32m INFO[0m [36m[browser-wpe][0m [36msola::browser_wpe[0m shader fps [3mfps[0m[2m=[0m"98.0"
[2m15:43:57[0m [1;32m INFO[0m [36m[browser-wpe][0m [36msola::browser_wpe[0m shader fps [3mfps[0m[2m=[0m"99.4"
[2m15:43:58[0m [1;32m INFO[0m [36m[browser-wpe][0m [36msola::browser_wpe[0m shader fps [3mfps[0m[2m=[0m"99.0"
[2m15:43:59[0m [1;32m INFO[0m [36m[browser-wpe][0m [36msola::browser_wpe[0m shader fps [3mfps[0m[2m=[0m"99.7"
[2m15:44:00[0m [1;32m INFO[0m [36m[browser-wpe][0m [36msola::browser_wpe[0m shader fps [3mfps[0m[2m=[0m"100.1"
[2m15:44:01[0m [1;32m INFO[0m [36m[browser-wpe][0m [36msola::browser_wpe[0m shader fps [3mfps[0m[2m=[0m"105.1"
[2m15:44:02[0m [1;32m INFO[0m [36m[browser-wpe][0m [36msola::browser_wpe[0m shader fps [3mfps[0m[2m=[0m"102.8"
[2m15:44:03[0m [1;32m INFO[0m [36m[browser-wpe][0m [36msola::browser_wpe[0m shader fps [3mfps[0m[2m=[0m"105.7"
[2m15:44:04[0m [1;32m INFO[0m [36m[browser-wpe][0m [36msola::browser_wpe[0m shader fps [3mfps[0m[2m=[0m"103.6"
[2m15:44:05[0m [1;32m INFO[0m [36m[browser-wpe][0m [36msola::browser_wpe[0m shader fps [3mfps[0m[2m=[0m"100.2"
[2m15:44:06[0m [1;32m INFO[0m [36m[browser-wpe][0m [36msola::browser_wpe[0m shader fps [3mfps[0m[2m=[0m"100.9"
[2m15:44:07[0m [1;32m INFO[0m [36m[browser-wpe][0m [36msola::browser_wpe[0m shader fps [3mfps[0m[2m=[0m"102.4"
[2m15:44:08[0m [1;32m INFO[0m [36m[browser-wpe][0m [36msola::browser_wpe[0m shader fps [3mfps[0m[2m=[0m"102.8"
[2m15:44:09[0m [1;32m INFO[0m [36m[browser-wpe][0m [36msola::browser_wpe[0m shader fps [3mfps[0m[2m=[0m"102.4"
[2m15:44:10[0m [1;32m INFO[0m [36m[browser-wpe][0m [36msola::browser_wpe[0m shader fps [3mfps[0m[2m=[0m"100.7"
[2m15:44:11[0m [1;32m INFO[0m [36m[browser-wpe][0m [36msola::browser_wpe[0m shader fps [3mfps[0m[2m=[0m"100.5"
