[2m13:18:12[0m [1;32m INFO[0m [36m[browser-wpe][0m [36msola::browser_wpe[0m sola-browser-wpe starting
[2m13:18:12[0m [1;32m INFO[0m [36m[browser-wpe][0m [36msola::browser_wpe[0m WPE platform display ready (subclassed for LINEAR-only modifier)
[2m13:18:12[0m [1;32m INFO[0m [36m[browser-wpe][0m [36msola::browser_wpe[0m created WebKitWebView via Platform API path
[2m13:18:12[0m [1;32m INFO[0m [36m[browser-wpe][0m [36msola::browser_wpe[0m kicked off URL load [3murl[0m[2m=[0mhttps://slate.auto
[2m13:18:12[0m [1;32m INFO[0m [36m[browser-wpe][0m [36msola::browser_wpe[0m WPE engine entering GMainLoop

** (WPEWebProcess:2): WARNING **: 13:18:13.010: Can't connect to a11y bus: Could not connect: No such file or directory
Failed to load cookie file from cookie: Read-only file system
Failed to load cookie file from cookie: Read-only file system
[2m13:18:14[0m [1;32m INFO[0m [36m[browser-wpe][0m [36msola::browser_wpe[0m wpe_toplevel_resize accepted + notified [3mwidth[0m[2m=[0m1434 [3mheight[0m[2m=[0m2132
[2m13:18:14[0m [1;32m INFO[0m [36m[browser-wpe][0m [36msola::browser_wpe[0m wgpu Vulkan device has VK_EXT_image_drm_format_modifier [3mhas_modifier[0m[2m=[0mtrue
[2m13:18:14[0m [1;32m INFO[0m [36m[browser-wpe][0m [36msola::browser_wpe[0m shader fps [3mfps[0m[2m=[0m"6.9"

** (process:644572): CRITICAL **: 13:18:14.371: void wpe_view_buffer_released(WPEView *, WPEBuffer *): assertion 'WPE_IS_BUFFER(buffer)' failed

** (process:644572): CRITICAL **: 13:18:14.387: void wpe_view_buffer_released(WPEView *, WPEBuffer *): assertion 'WPE_IS_BUFFER(buffer)' failed
[2m13:18:15[0m [1;32m INFO[0m [36m[browser-wpe][0m [36msola::browser_wpe[0m shader fps [3mfps[0m[2m=[0m"91.2"
[2m13:18:16[0m [1;32m INFO[0m [36m[browser-wpe][0m [36msola::browser_wpe[0m shader fps [3mfps[0m[2m=[0m"108.3"
[2m13:18:17[0m [1;32m INFO[0m [36m[browser-wpe][0m [36msola::browser_wpe[0m shader fps [3mfps[0m[2m=[0m"109.1"
[2m13:18:18[0m [1;32m INFO[0m [36m[browser-wpe][0m [36msola::browser_wpe[0m shader fps [3mfps[0m[2m=[0m"108.9"
[2m13:18:19[0m [1;32m INFO[0m [36m[browser-wpe][0m [36msola::browser_wpe[0m shader fps [3mfps[0m[2m=[0m"106.7"
[2m13:18:20[0m [1;32m INFO[0m [36m[browser-wpe][0m [36msola::browser_wpe[0m shader fps [3mfps[0m[2m=[0m"111.3"
[2m13:18:21[0m [1;32m INFO[0m [36m[browser-wpe][0m [36msola::browser_wpe[0m shader fps [3mfps[0m[2m=[0m"110.8"
[2m13:18:22[0m [1;32m INFO[0m [36m[browser-wpe][0m [36msola::browser_wpe[0m shader fps [3mfps[0m[2m=[0m"111.3"
[2m13:18:23[0m [1;32m INFO[0m [36m[browser-wpe][0m [36msola::browser_wpe[0m shader fps [3mfps[0m[2m=[0m"112.7"
[2m13:18:24[0m [1;32m INFO[0m [36m[browser-wpe][0m [36msola::browser_wpe[0m shader fps [3mfps[0m[2m=[0m"111.2"
[2m13:18:25[0m [1;32m INFO[0m [36m[browser-wpe][0m [36msola::browser_wpe[0m shader fps [3mfps[0m[2m=[0m"105.2"
[2m13:18:26[0m [1;32m INFO[0m [36m[browser-wpe][0m [36msola::browser_wpe[0m shader fps [3mfps[0m[2m=[0m"112.1"
[2m13:18:27[0m [1;32m INFO[0m [36m[browser-wpe][0m [36msola::browser_wpe[0m shader fps [3mfps[0m[2m=[0m"110.9"
[2m13:18:28[0m [1;32m INFO[0m [36m[browser-wpe][0m [36msola::browser_wpe[0m shader fps [3mfps[0m[2m=[0m"109.6"
[2m13:18:29[0m [1;32m INFO[0m [36m[browser-wpe][0m [36msola::browser_wpe[0m shader fps [3mfps[0m[2m=[0m"112.7"
[2m13:18:30[0m [1;32m INFO[0m [36m[browser-wpe][0m [36msola::browser_wpe[0m shader fps [3mfps[0m[2m=[0m"111.1"
[2m13:18:31[0m [1;32m INFO[0m [36m[browser-wpe][0m [36msola::browser_wpe[0m shader fps [3mfps[0m[2m=[0m"110.0"
[2m13:18:32[0m [1;32m INFO[0m [36m[browser-wpe][0m [36msola::browser_wpe[0m shader fps [3mfps[0m[2m=[0m"112.9"
[2m13:18:33[0m [1;32m INFO[0m [36m[browser-wpe][0m [36msola::browser_wpe[0m shader fps [3mfps[0m[2m=[0m"111.4"
[2m13:18:34[0m [1;32m INFO[0m [36m[browser-wpe][0m [36msola::browser_wpe[0m shader fps [3mfps[0m[2m=[0m"111.8"
[2m13:18:35[0m [1;32m INFO[0m [36m[browser-wpe][0m [36msola::browser_wpe[0m shader fps [3mfps[0m[2m=[0m"113.1"
[2m13:18:36[0m [1;32m INFO[0m [36m[browser-wpe][0m [36msola::browser_wpe[0m shader fps [3mfps[0m[2m=[0m"111.4"
[2m13:18:37[0m [1;32m INFO[0m [36m[browser-wpe][0m [36msola::browser_wpe[0m shader fps [3mfps[0m[2m=[0m"109.6"
[2m13:18:38[0m [1;32m INFO[0m [36m[browser-wpe][0m [36msola::browser_wpe[0m shader fps [3mfps[0m[2m=[0m"111.5"
[2m13:18:39[0m [1;32m INFO[0m [36m[browser-wpe][0m [36msola::browser_wpe[0m shader fps [3mfps[0m[2m=[0m"111.4"
[2m13:18:40[0m [1;32m INFO[0m [36m[browser-wpe][0m [36msola::browser_wpe[0m shader fps [3mfps[0m[2m=[0m"108.6"
[2m13:18:41[0m [1;32m INFO[0m [36m[browser-wpe][0m [36msola::browser_wpe[0m shader fps [3mfps[0m[2m=[0m"113.5"
[2m13:18:42[0m [1;32m INFO[0m [36m[browser-wpe][0m [36msola::browser_wpe[0m shader fps [3mfps[0m[2m=[0m"104.3"
