[2m15:44:14[0m [1;32m INFO[0m [36m[browser-cef][0m [36msola::browser_cef[0m sola-browser-cef starting
[2m15:44:14[0m [1;32m INFO[0m [36m[browser-cef][0m [36msola::browser_cef[0m loading url [3murl[0m[2m=[0mhttps://github.com
[2m15:44:14[0m [1;32m INFO[0m [36m[browser-cef][0m [36msola::browser_cef[0m CEF initialized
[2m15:44:14[0m [1;32m INFO[0m [36m[browser-cef][0m [36msola::browser_cef[0m CEF browser created [3murl[0m[2m=[0mhttps://github.com
[2m15:44:14[0m [1;32m INFO[0m [36m[browser-cef][0m [36msola::browser_cef[0m CEF engine entering run_message_loop
[2m15:44:15[0m [1;32m INFO[0m [36m[browser-cef][0m [36msola::browser_cef[0m CEF was_resized [3mwidth[0m[2m=[0m1024 [3mheight[0m[2m=[0m768
[2m15:44:15[0m [1;32m INFO[0m [36m[browser-cef][0m [36msola::browser_cef[0m CEF was_resized [3mwidth[0m[2m=[0m1434 [3mheight[0m[2m=[0m2132
[2m15:44:16[0m [1;32m INFO[0m [36m[browser-cef][0m [36msola::browser_cef[0m shader fps [3mfps[0m[2m=[0m"45.4"
[2m15:44:17[0m [1;32m INFO[0m [36m[browser-cef][0m [36msola::browser_cef[0m shader fps [3mfps[0m[2m=[0m"53.1"
[2m15:44:18[0m [1;32m INFO[0m [36m[browser-cef][0m [36msola::browser_cef[0m shader fps [3mfps[0m[2m=[0m"60.0"
[2m15:44:19[0m [1;32m INFO[0m [36m[browser-cef][0m [36msola::browser_cef[0m shader fps [3mfps[0m[2m=[0m"60.0"
[2m15:44:20[0m [1;32m INFO[0m [36m[browser-cef][0m [36msola::browser_cef[0m shader fps [3mfps[0m[2m=[0m"59.9"
[2m15:44:21[0m [1;32m INFO[0m [36m[browser-cef][0m [36msola::browser_cef[0m shader fps [3mfps[0m[2m=[0m"60.1"
[2m15:44:22[0m [1;32m INFO[0m [36m[browser-cef][0m [36msola::browser_cef[0m shader fps [3mfps[0m[2m=[0m"59.9"
[2m15:44:23[0m [1;32m INFO[0m [36m[browser-cef][0m [36msola::browser_cef[0m shader fps [3mfps[0m[2m=[0m"60.1"
[2m15:44:24[0m [1;32m INFO[0m [36m[browser-cef][0m [36msola::browser_cef[0m shader fps [3mfps[0m[2m=[0m"60.0"
[2m15:44:25[0m [1;32m INFO[0m [36m[browser-cef][0m [36msola::browser_cef[0m shader fps [3mfps[0m[2m=[0m"60.0"
[2m15:44:26[0m [1;32m INFO[0m [36m[browser-cef][0m [36msola::browser_cef[0m shader fps [3mfps[0m[2m=[0m"60.0"
[2m15:44:27[0m [1;32m INFO[0m [36m[browser-cef][0m [36msola::browser_cef[0m shader fps [3mfps[0m[2m=[0m"59.9"
[2m15:44:28[0m [1;32m INFO[0m [36m[browser-cef][0m [36msola::browser_cef[0m shader fps [3mfps[0m[2m=[0m"60.1"
[2m15:44:29[0m [1;32m INFO[0m [36m[browser-cef][0m [36msola::browser_cef[0m shader fps [3mfps[0m[2m=[0m"59.9"
[2m15:44:30[0m [1;32m INFO[0m [36m[browser-cef][0m [36msola::browser_cef[0m shader fps [3mfps[0m[2m=[0m"60.2"
[2m15:44:31[0m [1;32m INFO[0m [36m[browser-cef][0m [36msola::browser_cef[0m shader fps [3mfps[0m[2m=[0m"59.8"
[2m15:44:32[0m [1;32m INFO[0m [36m[browser-cef][0m [36msola::browser_cef[0m shader fps [3mfps[0m[2m=[0m"60.1"
[2m15:44:33[0m [1;32m INFO[0m [36m[browser-cef][0m [36msola::browser_cef[0m shader fps [3mfps[0m[2m=[0m"60.0"
[2m15:44:34[0m [1;32m INFO[0m [36m[browser-cef][0m [36msola::browser_cef[0m shader fps [3mfps[0m[2m=[0m"60.0"
[2m15:44:35[0m [1;32m INFO[0m [36m[browser-cef][0m [36msola::browser_cef[0m shader fps [3mfps[0m[2m=[0m"60.0"
[2m15:44:36[0m [1;32m INFO[0m [36m[browser-cef][0m [36msola::browser_cef[0m shader fps [3mfps[0m[2m=[0m"59.9"
[2m15:44:37[0m [1;32m INFO[0m [36m[browser-cef][0m [36msola::browser_cef[0m shader fps [3mfps[0m[2m=[0m"60.2"
[2m15:44:38[0m [1;32m INFO[0m [36m[browser-cef][0m [36msola::browser_cef[0m shader fps [3mfps[0m[2m=[0m"59.9"
[2m15:44:39[0m [1;32m INFO[0m [36m[browser-cef][0m [36msola::browser_cef[0m shader fps [3mfps[0m[2m=[0m"60.1"
[2m15:44:40[0m [1;32m INFO[0m [36m[browser-cef][0m [36msola::browser_cef[0m shader fps [3mfps[0m[2m=[0m"60.0"
[2m15:44:41[0m [1;32m INFO[0m [36m[browser-cef][0m [36msola::browser_cef[0m shader fps [3mfps[0m[2m=[0m"60.0"
[2m15:44:42[0m [1;32m INFO[0m [36m[browser-cef][0m [36msola::browser_cef[0m shader fps [3mfps[0m[2m=[0m"60.0"
[2m15:44:43[0m [1;32m INFO[0m [36m[browser-cef][0m [36msola::browser_cef[0m shader fps [3mfps[0m[2m=[0m"59.9"
[2m15:44:44[0m [1;32m INFO[0m [36m[browser-cef][0m [36msola::browser_cef[0m shader fps [3mfps[0m[2m=[0m"60.1"
